
╔════════════════════════════════════════════════════════╗
║   iVMS COMPREHENSIVE SYSTEM TEST SUITE                ║
╚════════════════════════════════════════════════════════╝

  ℹ Backend URL: http://localhost:5001
  ℹ Frontend URL: http://localhost:3000
  ℹ Starting tests at 12/6/2025, 2:50:17 PM


============================================================
PHASE 1: Backend Health Check
============================================================

► Testing: Server connectivity
  ✓ Backend Health: Server is running

============================================================
PHASE 2: Database Connection
============================================================

► Testing: MongoDB connection status
  ✓ Database Connection: MongoDB is connected

============================================================
PHASE 3: Authentication & Authorization
============================================================

► Testing: User registration
  ✓ Auth Registration Endpoint: Registration endpoint exists and responds

► Testing: Protected route access control
  ✓ Protected Routes: Protected routes enforce authentication

============================================================
PHASE 4: Vendor Management API
============================================================

► Testing: Create new vendor (POST /api/vendors)
  ✓ Create Vendor: Endpoint protected (needs auth)

► Testing: List all vendors (GET /api/vendors)
  ✓ List Vendors: Endpoint protected

► Testing: Vendor onboarding portal (POST /api/onboarding/vendor)
  ✗ Vendor Onboarding: Onboarding endpoint exists

============================================================
PHASE 5: Invoice Processing API
============================================================

► Testing: List invoices (GET /api/invoices)
  ✓ List Invoices: Endpoint protected

► Testing: Create invoice (POST /api/invoices)
  ✓ Create Invoice: Invoice creation endpoint exists

► Testing: Approve invoice (POST /api/invoices/:id/approve)
  ✓ Approve Invoice: Approval endpoint exists

============================================================
PHASE 6: Compliance Monitoring API
============================================================

► Testing: Run compliance scan (POST /api/compliance/scan)
  ✓ Compliance Scan: Scan endpoint exists

► Testing: Get compliance profiles (GET /api/compliance/profiles)
  ✓ Compliance Profiles: Endpoint protected

► Testing: Get violations (GET /api/compliance/violations)
  ✓ Compliance Violations: Violations endpoint exists

============================================================
PHASE 7: Predictive Analytics API
============================================================

► Testing: Get spend forecasts (GET /api/predictions/forecasts)
  ✓ Spend Forecasts: Forecasts endpoint exists

► Testing: Run scenario simulation (POST /api/predictions/simulate)
  ✓ Scenario Simulation: Simulation endpoint exists

► Testing: Get risk predictions (GET /api/predictions/risks)
  ✓ Risk Predictions: Risk predictions endpoint exists

============================================================
PHASE 8: Document Processing & AI Integration
============================================================

► Testing: Document upload (POST /api/documents/upload)
  ✓ Document Upload: Upload endpoint exists

► Testing: AI document extraction (POST /api/ai/extract)
  ✓ AI Extraction: AI extraction endpoint exists

============================================================
PHASE 9: Frontend Routes & Pages
============================================================

► Testing: Frontend route: /
  ✗ Frontend: Dashboard: Failed to load: timeout of 3000ms exceeded

► Testing: Frontend route: /vendors/onboarding
  ✗ Frontend: Vendor Onboarding: Failed to load: timeout of 3000ms exceeded

► Testing: Frontend route: /invoicing/queue
  ✗ Frontend: Invoice Queue: Failed to load: timeout of 3000ms exceeded

► Testing: Frontend route: /compliance
  ✗ Frontend: Compliance Center: Failed to load: timeout of 3000ms exceeded

► Testing: Frontend route: /analytics
  ✗ Frontend: Predictive Analytics: Failed to load: timeout of 3000ms exceeded

► Testing: Frontend route: /login
  ✗ Frontend: Login Page: Failed to load: timeout of 3000ms exceeded

============================================================
PHASE 10: API Endpoint Coverage Check
============================================================
  ℹ Testing 12 critical API endpoints...
  ✓ API: List Vendors: Endpoint exists (401)
  ✓ API: Create Vendor: Endpoint exists (401)
  ✓ API: Get Vendor: Endpoint exists (401)
  ✓ API: Update Vendor: Endpoint exists (401)
  ✓ API: Delete Vendor: Endpoint exists (401)
  ✓ API: List Invoices: Endpoint exists (401)
  ✓ API: Create Invoice: Endpoint exists (401)
  ✓ API: Approve Invoice: Endpoint exists (401)
  ✓ API: Compliance Profiles: Endpoint exists (401)
  ✓ API: Run Compliance Scan: Endpoint exists (401)
  ✓ API: Get Forecasts: Endpoint exists (401)
  ✓ API: Simulate Scenario: Endpoint exists (401)

============================================================
FINAL TEST REPORT
============================================================

Total Tests: 36
Passed: 29
Failed: 7
Success Rate: 80.56%

⚠️  Failed Tests:
  ✗ Vendor Onboarding: Onboarding endpoint exists
  ✗ Frontend: Dashboard: Failed to load: timeout of 3000ms exceeded
  ✗ Frontend: Vendor Onboarding: Failed to load: timeout of 3000ms exceeded
  ✗ Frontend: Invoice Queue: Failed to load: timeout of 3000ms exceeded
  ✗ Frontend: Compliance Center: Failed to load: timeout of 3000ms exceeded
  ✗ Frontend: Predictive Analytics: Failed to load: timeout of 3000ms exceeded
  ✗ Frontend: Login Page: Failed to load: timeout of 3000ms exceeded

============================================================
✓ Testing Complete!
============================================================

